// Jest Snapshot v1, https://goo.gl/fbAQLP

exports[`Question snapshot it renders 1`] = `null`;
